[     376ms] [WARNING] Error with Permissions-Policy header: Unrecognized feature: 'ambient-light-sensor'. @ :0
[     376ms] [WARNING] Error with Permissions-Policy header: Unrecognized feature: 'battery'. @ :0
[     376ms] [WARNING] Error with Permissions-Policy header: Unrecognized feature: 'document-domain'. @ :0
[     376ms] [WARNING] Error with Permissions-Policy header: Unrecognized feature: 'execution-while-not-rendered'. @ :0
[     376ms] [WARNING] Error with Permissions-Policy header: Unrecognized feature: 'execution-while-out-of-viewport'. @ :0
[     376ms] [WARNING] Error with Permissions-Policy header: Unrecognized feature: 'speaker-selection'. @ :0
[     606ms] Error: No ad placements found.
    at w (https://media.ethicalads.io/media/client/v1.4.0/ethicalads.min.js:1:11867)
    at https://media.ethicalads.io/media/client/v1.4.0/ethicalads.min.js:1:12977
[   11258ms] [WARNING] Error with Permissions-Policy header: Unrecognized feature: 'ambient-light-sensor'. @ :0
[   11258ms] [WARNING] Error with Permissions-Policy header: Unrecognized feature: 'battery'. @ :0
[   11258ms] [WARNING] Error with Permissions-Policy header: Unrecognized feature: 'document-domain'. @ :0
[   11258ms] [WARNING] Error with Permissions-Policy header: Unrecognized feature: 'execution-while-not-rendered'. @ :0
[   11258ms] [WARNING] Error with Permissions-Policy header: Unrecognized feature: 'execution-while-out-of-viewport'. @ :0
[   11258ms] [WARNING] Error with Permissions-Policy header: Unrecognized feature: 'speaker-selection'. @ :0
[   11282ms] Error: No ad placements found.
    at w (https://media.ethicalads.io/media/client/v1.4.0/ethicalads.min.js:1:11867)
    at https://media.ethicalads.io/media/client/v1.4.0/ethicalads.min.js:1:12977
[   22447ms] [WARNING] Error with Permissions-Policy header: Unrecognized feature: 'ambient-light-sensor'. @ :0
[   22447ms] [WARNING] Error with Permissions-Policy header: Unrecognized feature: 'battery'. @ :0
[   22447ms] [WARNING] Error with Permissions-Policy header: Unrecognized feature: 'document-domain'. @ :0
[   22447ms] [WARNING] Error with Permissions-Policy header: Unrecognized feature: 'execution-while-not-rendered'. @ :0
[   22447ms] [WARNING] Error with Permissions-Policy header: Unrecognized feature: 'execution-while-out-of-viewport'. @ :0
[   22447ms] [WARNING] Error with Permissions-Policy header: Unrecognized feature: 'speaker-selection'. @ :0
[   22468ms] Error: No ad placements found.
    at w (https://media.ethicalads.io/media/client/v1.4.0/ethicalads.min.js:1:11867)
    at https://media.ethicalads.io/media/client/v1.4.0/ethicalads.min.js:1:12977
